
Auditoria v6 — es/curso.html   (celular 390px, 3 temas)
1ª visita: trilha 2 controles · aula 3 controles

Aula 1: 10/10 APROVADA  · 283 palavras de prosa · 3 steps · frases >22: 1/25 · visuais reais 2 · cena 87 KB · 15 min

Aula 2: 10/10 APROVADA  · 285 palavras de prosa · 3 steps · frases >22: 0/26 · visuais reais 2 · cena 99 KB · 15 min

Aula 3: 10/10 APROVADA  · 297 palavras de prosa · 3 steps · frases >22: 1/25 · visuais reais 2 · cena 89 KB · 15 min

Aula 4: 10/10 APROVADA  · 280 palavras de prosa · 3 steps · frases >22: 0/29 · visuais reais 2 · cena 98 KB · 15 min

Aula 5: 10/10 APROVADA  · 258 palavras de prosa · 3 steps · frases >22: 0/29 · visuais reais 2 · cena 105 KB · 15 min

Aula 6: 10/10 APROVADA  · 286 palavras de prosa · 3 steps · frases >22: 1/26 · visuais reais 2 · cena 39 KB · 15 min

Aula 7: 10/10 APROVADA  · 286 palavras de prosa · 3 steps · frases >22: 0/27 · visuais reais 2 · cena 89 KB · 15 min

Aula 8: 10/10 APROVADA  · 296 palavras de prosa · 3 steps · frases >22: 1/28 · visuais reais 2 · cena 121 KB · 15 min

Aula 9: 9/10 APROVADA  · 305 palavras de prosa · 3 steps · frases >22: 0/27 · visuais reais 2 · cena 94 KB · 15 min
   ✗ 6 texto-sem-armadilha
     teste-se: a alternativa certa é bem mais longa que as outras (1)

Aula 10: 10/10 APROVADA  · 290 palavras de prosa · 3 steps · frases >22: 0/26 · visuais reais 2 · cena 88 KB · 15 min

Aula 11: 10/10 APROVADA  · 283 palavras de prosa · 3 steps · frases >22: 0/26 · visuais reais 2 · cena 110 KB · 15 min

Aula 12: 10/10 APROVADA  · 272 palavras de prosa · 3 steps · frases >22: 0/28 · visuais reais 2 · cena 94 KB · 15 min

Aula 13: 10/10 APROVADA  · 267 palavras de prosa · 3 steps · frases >22: 0/28 · visuais reais 2 · cena 87 KB · 15 min

Aula 14: 10/10 APROVADA  · 276 palavras de prosa · 3 steps · frases >22: 0/28 · visuais reais 2 · cena 86 KB · 15 min

Aula 15: 10/10 APROVADA  · 291 palavras de prosa · 3 steps · frases >22: 0/28 · visuais reais 2 · cena 92 KB · 15 min

Aula 16: 10/10 APROVADA  · 295 palavras de prosa · 3 steps · frases >22: 0/25 · visuais reais 2 · cena 96 KB · 15 min

Aula 17: 10/10 APROVADA  · 283 palavras de prosa · 3 steps · frases >22: 0/25 · visuais reais 2 · cena 99 KB · 15 min

Aula 18: 10/10 APROVADA  · 274 palavras de prosa · 3 steps · frases >22: 0/26 · visuais reais 2 · cena 93 KB · 15 min

Aula 19: 10/10 APROVADA  · 290 palavras de prosa · 3 steps · frases >22: 0/29 · visuais reais 2 · cena 87 KB · 15 min

Aula 20: 10/10 APROVADA  · 268 palavras de prosa · 3 steps · frases >22: 0/25 · visuais reais 2 · cena 98 KB · 15 min

Aula 21: 10/10 APROVADA  · 292 palavras de prosa · 3 steps · frases >22: 0/29 · visuais reais 2 · cena 103 KB · 15 min

Aula 22: 10/10 APROVADA  · 287 palavras de prosa · 3 steps · frases >22: 0/26 · visuais reais 2 · cena 104 KB · 15 min

Aula 23: 10/10 APROVADA  · 284 palavras de prosa · 3 steps · frases >22: 0/25 · visuais reais 2 · cena 95 KB · 15 min

Aula 24: 10/10 APROVADA  · 288 palavras de prosa · 3 steps · frases >22: 0/25 · visuais reais 2 · cena 93 KB · 15 min

Média: 10.0/10 · aprovadas 24/24
Lembrete: o critério 1 é proxy — confirme com o leitor simulado (TESTE-HUMANO.md) antes de dar a aula por aprovada.
